"1","_two","$"
"2","_two","£"
"3","_two","$"
"4","_two","€"
"5","_two","$"
"6","_two","$"
"7","_two","R$"
"8","_two","R"
"9","_two","kr"
"10","_two","kr"
"11","_two","kr"
"12","_two","sFr."
"13","_two","lei"
